// Jest Snapshot v1, https://goo.gl/fbAQLP

exports[`Item Component should render correctly 1`] = `
"<div>
  <Form inline={false}>
    <FormGroup>
      <FormLabel column={false} srOnly={false}>
        Person Name
      </FormLabel>
      <FormControl className=\\"input-person\\" onChange={[Function: onChange]} name=\\"person\\" />
      <FormLabel column={false} srOnly={false}>
        Item Name
      </FormLabel>
      <FormControl className=\\"input-item-name\\" onChange={[Function: onChange]} name=\\"itemName\\" />
    </FormGroup>
    <Button className=\\"btnRemove\\" onClick={[Function: onClick]} variant=\\"primary\\" active={false} disabled={false} type=\\"button\\">
      Remove Item
    </Button>
  </Form>
</div>"
`;
